Archive member included to satisfy reference by file (symbol)

c:/program files (x86)/gnu tools arm embedded/5.3 2016q1/bin/../lib/gcc/arm-none-eabi/5.3.1/../../../../arm-none-eabi/lib/armv7e-m\libm.a(lib_a-s_cos.o)
                              ..\obj\ssd1306.o (cos)
c:/program files (x86)/gnu tools arm embedded/5.3 2016q1/bin/../lib/gcc/arm-none-eabi/5.3.1/../../../../arm-none-eabi/lib/armv7e-m\libm.a(lib_a-s_sin.o)
                              ..\obj\ssd1306.o (sin)
c:/program files (x86)/gnu tools arm embedded/5.3 2016q1/bin/../lib/gcc/arm-none-eabi/5.3.1/../../../../arm-none-eabi/lib/armv7e-m\libm.a(lib_a-e_rem_pio2.o)
                              c:/program files (x86)/gnu tools arm embedded/5.3 2016q1/bin/../lib/gcc/arm-none-eabi/5.3.1/../../../../arm-none-eabi/lib/armv7e-m\libm.a(lib_a-s_cos.o) (__ieee754_rem_pio2)
c:/program files (x86)/gnu tools arm embedded/5.3 2016q1/bin/../lib/gcc/arm-none-eabi/5.3.1/../../../../arm-none-eabi/lib/armv7e-m\libm.a(lib_a-k_cos.o)
                              c:/program files (x86)/gnu tools arm embedded/5.3 2016q1/bin/../lib/gcc/arm-none-eabi/5.3.1/../../../../arm-none-eabi/lib/armv7e-m\libm.a(lib_a-s_cos.o) (__kernel_cos)
c:/program files (x86)/gnu tools arm embedded/5.3 2016q1/bin/../lib/gcc/arm-none-eabi/5.3.1/../../../../arm-none-eabi/lib/armv7e-m\libm.a(lib_a-k_rem_pio2.o)
                              c:/program files (x86)/gnu tools arm embedded/5.3 2016q1/bin/../lib/gcc/arm-none-eabi/5.3.1/../../../../arm-none-eabi/lib/armv7e-m\libm.a(lib_a-e_rem_pio2.o) (__kernel_rem_pio2)
c:/program files (x86)/gnu tools arm embedded/5.3 2016q1/bin/../lib/gcc/arm-none-eabi/5.3.1/../../../../arm-none-eabi/lib/armv7e-m\libm.a(lib_a-k_sin.o)
                              c:/program files (x86)/gnu tools arm embedded/5.3 2016q1/bin/../lib/gcc/arm-none-eabi/5.3.1/../../../../arm-none-eabi/lib/armv7e-m\libm.a(lib_a-s_cos.o) (__kernel_sin)
c:/program files (x86)/gnu tools arm embedded/5.3 2016q1/bin/../lib/gcc/arm-none-eabi/5.3.1/../../../../arm-none-eabi/lib/armv7e-m\libm.a(lib_a-s_fabs.o)
                              c:/program files (x86)/gnu tools arm embedded/5.3 2016q1/bin/../lib/gcc/arm-none-eabi/5.3.1/../../../../arm-none-eabi/lib/armv7e-m\libm.a(lib_a-e_rem_pio2.o) (fabs)
c:/program files (x86)/gnu tools arm embedded/5.3 2016q1/bin/../lib/gcc/arm-none-eabi/5.3.1/../../../../arm-none-eabi/lib/armv7e-m\libm.a(lib_a-s_floor.o)
                              c:/program files (x86)/gnu tools arm embedded/5.3 2016q1/bin/../lib/gcc/arm-none-eabi/5.3.1/../../../../arm-none-eabi/lib/armv7e-m\libm.a(lib_a-k_rem_pio2.o) (floor)
c:/program files (x86)/gnu tools arm embedded/5.3 2016q1/bin/../lib/gcc/arm-none-eabi/5.3.1/../../../../arm-none-eabi/lib/armv7e-m\libm.a(lib_a-s_scalbn.o)
                              c:/program files (x86)/gnu tools arm embedded/5.3 2016q1/bin/../lib/gcc/arm-none-eabi/5.3.1/../../../../arm-none-eabi/lib/armv7e-m\libm.a(lib_a-k_rem_pio2.o) (scalbn)
c:/program files (x86)/gnu tools arm embedded/5.3 2016q1/bin/../lib/gcc/arm-none-eabi/5.3.1/../../../../arm-none-eabi/lib/armv7e-m\libm.a(lib_a-s_copysign.o)
                              c:/program files (x86)/gnu tools arm embedded/5.3 2016q1/bin/../lib/gcc/arm-none-eabi/5.3.1/../../../../arm-none-eabi/lib/armv7e-m\libm.a(lib_a-s_scalbn.o) (copysign)
c:/program files (x86)/gnu tools arm embedded/5.3 2016q1/bin/../lib/gcc/arm-none-eabi/5.3.1/../../../../arm-none-eabi/lib/armv7e-m\libc.a(lib_a-itoa.o)
                              ..\obj\main.o (itoa)
c:/program files (x86)/gnu tools arm embedded/5.3 2016q1/bin/../lib/gcc/arm-none-eabi/5.3.1/../../../../arm-none-eabi/lib/armv7e-m\libc.a(lib_a-memcpy.o)
                              ..\obj\ssd1306.o (memcpy)
c:/program files (x86)/gnu tools arm embedded/5.3 2016q1/bin/../lib/gcc/arm-none-eabi/5.3.1/../../../../arm-none-eabi/lib/armv7e-m\libc.a(lib_a-memmove.o)
                              ..\obj\ssd1306_tests.o (memmove)
c:/program files (x86)/gnu tools arm embedded/5.3 2016q1/bin/../lib/gcc/arm-none-eabi/5.3.1/../../../../arm-none-eabi/lib/armv7e-m\libc.a(lib_a-snprintf.o)
                              ..\obj\ssd1306_tests.o (snprintf)
c:/program files (x86)/gnu tools arm embedded/5.3 2016q1/bin/../lib/gcc/arm-none-eabi/5.3.1/../../../../arm-none-eabi/lib/armv7e-m\libc.a(lib_a-svfprintf.o)
                              c:/program files (x86)/gnu tools arm embedded/5.3 2016q1/bin/../lib/gcc/arm-none-eabi/5.3.1/../../../../arm-none-eabi/lib/armv7e-m\libc.a(lib_a-snprintf.o) (_svfprintf_r)
c:/program files (x86)/gnu tools arm embedded/5.3 2016q1/bin/../lib/gcc/arm-none-eabi/5.3.1/../../../../arm-none-eabi/lib/armv7e-m\libc.a(lib_a-utoa.o)
                              c:/program files (x86)/gnu tools arm embedded/5.3 2016q1/bin/../lib/gcc/arm-none-eabi/5.3.1/../../../../arm-none-eabi/lib/armv7e-m\libc.a(lib_a-itoa.o) (__utoa)
[...]
Memory Configuration

Name             Origin             Length             Attributes
rom              0x08000000         0x00100000         xr
ram              0x20000000         0x00020000         xrw
ram1             0x10000000         0x00010000         xrw
*default*        0x00000000         0xffffffff

Linker script and memory map

                0x20020000                _eram = 0x20020000

.text           0x08000000     0x502c
 *(.isr_vector)
 .isr_vector    0x08000000      0x188 ..\obj\startup_stm32f4xx.o
                0x08000000                g_pfnVectors
 *(.text*)
 .text.SPI_INIT
                0x08000188       0xe8 ..\obj\spi.o
                0x08000188                SPI_INIT
 .text.Delay    0x08000270       0x2c ..\obj\delay.o
                0x08000270                Delay
 .text.SysTick_Handler
                0x0800029c       0x1c ..\obj\delay.o
                0x0800029c                SysTick_Handler
 .text.Default_Reset_Handler
                0x080002b8       0x5c ..\obj\startup_stm32f4xx.o
                0x080002b8                Default_Reset_Handler
                0x080002b8                Reset_Handler
 .text.Default_Handler
                0x08000314        0x8 ..\obj\startup_stm32f4xx.o
                0x08000314                RTC_Alarm_IRQHandler
                0x08000314                HASH_RNG_IRQHandler
                0x08000314                EXTI2_IRQHandler
                0x08000314                TIM8_CC_IRQHandler
                0x08000314                DebugMon_Handler
                0x08000314                TIM1_CC_IRQHandler
                0x08000314                DMA2_Stream5_IRQHandler
                0x08000314                HardFault_Handler
                0x08000314                DMA1_Stream5_IRQHandler
                0x08000314                PVD_IRQHandler
                0x08000314                SDIO_IRQHandler
                0x08000314                TAMP_STAMP_IRQHandler
                0x08000314                PendSV_Handler
                0x08000314                NMI_Handler
                0x08000314                CAN2_RX1_IRQHandler
                0x08000314                EXTI3_IRQHandler
                0x08000314                TIM8_TRG_COM_TIM14_IRQHandler
                0x08000314                TIM1_UP_TIM10_IRQHandler
                0x08000314                TIM8_UP_TIM13_IRQHandler
                0x08000314                I2C3_ER_IRQHandler
                0x08000314                EXTI0_IRQHandler
                0x08000314                I2C2_EV_IRQHandler
                0x08000314                DMA1_Stream2_IRQHandler
                0x08000314                CAN1_RX0_IRQHandler
                0x08000314                FPU_IRQHandler
                0x08000314                OTG_HS_WKUP_IRQHandler
                0x08000314                UsageFault_Handler
                0x08000314                CAN2_SCE_IRQHandler
                0x08000314                DMA2_Stream2_IRQHandler
                0x08000314                SPI1_IRQHandler
                0x08000314                TIM6_DAC_IRQHandler
                0x08000314                TIM1_BRK_TIM9_IRQHandler
                0x08000314                DCMI_IRQHandler
                0x08000314                CAN2_RX0_IRQHandler
                0x08000314                DMA2_Stream3_IRQHandler
                0x08000314                USART6_IRQHandler
                0x08000314                USART3_IRQHandler
                0x08000314                CRYP_IRQHandler
                0x08000314                CAN1_RX1_IRQHandler
                0x08000314                UART5_IRQHandler
                0x08000314                DMA2_Stream0_IRQHandler
                0x08000314                I2C1_EV_IRQHandler
                0x08000314                DMA1_Stream6_IRQHandler
                0x08000314                DMA1_Stream1_IRQHandler
                0x08000314                UART4_IRQHandler
                0x08000314                TIM3_IRQHandler
                0x08000314                RCC_IRQHandler
                0x08000314                TIM8_BRK_TIM12_IRQHandler
                0x08000314                EXTI15_10_IRQHandler
                0x08000314                ADC_IRQHandler
                0x08000314                DMA1_Stream7_IRQHandler
                0x08000314                CAN2_TX_IRQHandler
                0x08000314                TIM5_IRQHandler
                0x08000314                DMA2_Stream7_IRQHandler
                0x08000314                I2C3_EV_IRQHandler
                0x08000314                EXTI9_5_IRQHandler
                0x08000314                RTC_WKUP_IRQHandler
                0x08000314                ETH_WKUP_IRQHandler
                0x08000314                SPI2_IRQHandler
                0x08000314                OTG_HS_EP1_IN_IRQHandler
                0x08000314                MemManage_Handler
                0x08000314                DMA1_Stream0_IRQHandler
                0x08000314                CAN1_TX_IRQHandler
                0x08000314                SVC_Handler
                0x08000314                EXTI4_IRQHandler
                0x08000314                FSMC_IRQHandler
                0x08000314                ETH_IRQHandler
                0x08000314                OTG_HS_EP1_OUT_IRQHandler
                0x08000314                WWDG_IRQHandler
                0x08000314                TIM2_IRQHandler
                0x08000314                OTG_FS_WKUP_IRQHandler
                0x08000314                TIM1_TRG_COM_TIM11_IRQHandler
                0x08000314                OTG_HS_IRQHandler
                0x08000314                EXTI1_IRQHandler
                0x08000314                USART2_IRQHandler
                0x08000314                I2C2_ER_IRQHandler
                0x08000314                DMA2_Stream1_IRQHandler
                0x08000314                CAN1_SCE_IRQHandler
                0x08000314                FLASH_IRQHandler
                0x08000314                DMA2_Stream4_IRQHandler
                0x08000314                BusFault_Handler
                0x08000314                USART1_IRQHandler
                0x08000314                OTG_FS_IRQHandler
                0x08000314                SPI3_IRQHandler
                0x08000314                DMA1_Stream4_IRQHandler
                0x08000314                I2C1_ER_IRQHandler
                0x08000314                DMA2_Stream6_IRQHandler
                0x08000314                DMA1_Stream3_IRQHandler
 .text.main     0x0800031c       0x3c ..\obj\main.o
                0x0800031c                main
 .text.adc_rand
                0x08000358       0x60 ..\obj\main.o
                0x08000358                adc_rand
 .text.ADC_INIT
                0x080003b8       0x78 ..\obj\main.o
                0x080003b8                ADC_INIT
 .text.TIM4_IRQHandler
                0x08000430       0x14 ..\obj\main.o
                0x08000430                TIM4_IRQHandler
 .text.millis   0x08000444       0x14 ..\obj\main.o
                0x08000444                millis
 .text.TIM_INIT
                0x08000458       0x44 ..\obj\main.o
                0x08000458                TIM_INIT
 .text.NVIC_INIT
                0x0800049c       0x28 ..\obj\main.o
                0x0800049c                NVIC_INIT
 .text.TIM7_IRQHandler
                0x080004c4       0x24 ..\obj\main.o
                0x080004c4                TIM7_IRQHandler
 .text.GPIO_INIT
                0x080004e8       0xc4 ..\obj\main.o
                0x080004e8                GPIO_INIT
 .text.RCC_AHB1PeriphClockCmd
                0x080005ac       0x3c ..\obj\stm32f4xx_rcc.o
                0x080005ac                RCC_AHB1PeriphClockCmd
 .text.RCC_APB1PeriphClockCmd
                0x080005e8       0x3c ..\obj\stm32f4xx_rcc.o
                0x080005e8                RCC_APB1PeriphClockCmd
 .text.RCC_APB2PeriphClockCmd
                0x08000624       0x3c ..\obj\stm32f4xx_rcc.o
                0x08000624                RCC_APB2PeriphClockCmd
 .text.GPIO_Init
                0x08000660      0x11c ..\obj\stm32f4xx_gpio.o
                0x08000660                GPIO_Init
 .text.GPIO_ReadInputDataBit
                0x0800077c       0x34 ..\obj\stm32f4xx_gpio.o
                0x0800077c                GPIO_ReadInputDataBit
 .text.GPIO_SetBits
                0x080007b0       0x1c ..\obj\stm32f4xx_gpio.o
                0x080007b0                GPIO_SetBits
 .text.GPIO_ResetBits
                0x080007cc       0x1c ..\obj\stm32f4xx_gpio.o
                0x080007cc                GPIO_ResetBits
 .text.GPIO_PinAFConfig
                0x080007e8       0x90 ..\obj\stm32f4xx_gpio.o
                0x080007e8                GPIO_PinAFConfig
 .text.updateDirection
                0x08000878       0x40 ..\obj\game.o
                0x08000878                updateDirection
 .text.moveCar  0x080008b8       0x6c ..\obj\game.o
                0x080008b8                moveCar
 .text.updateDisplay
                0x08000924       0x14 ..\obj\game.o
                0x08000924                updateDisplay
 .text.updateGame
                0x08000938       0x98 ..\obj\game.o
                0x08000938                updateGame
 .text.setGameSpeed
                0x080009d0       0x28 ..\obj\game.o
                0x080009d0                setGameSpeed
 .text.drawRoad
                0x080009f8      0x1a4 ..\obj\game.o
                0x080009f8                drawRoad
 .text.enemysDraw
                0x08000b9c       0xe4 ..\obj\game.o
                0x08000b9c                enemysDraw
 .text.detectCrash
                0x08000c80       0xe0 ..\obj\game.o
                0x08000c80                detectCrash
 .text.gameOver
                0x08000d60       0x80 ..\obj\game.o
                0x08000d60                gameOver
 .text.restartGame
                0x08000de0       0x74 ..\obj\game.o
                0x08000de0                restartGame
 .text.splashScreen
                0x08000e54       0x2c ..\obj\game.o
                0x08000e54                splashScreen
 .text.waitForPress
                0x08000e80       0xac ..\obj\game.o
                0x08000e80                waitForPress
 .text.SPI_Init
                0x08000f2c       0x88 ..\obj\stm32f4xx_spi.o
                0x08000f2c                SPI_Init
 .text.SPI_Cmd  0x08000fb4       0x40 ..\obj\stm32f4xx_spi.o
                0x08000fb4                SPI_Cmd
 .text.SPI_I2S_SendData
                0x08000ff4       0x1c ..\obj\stm32f4xx_spi.o
                0x08000ff4                SPI_I2S_SendData
 .text.SPI_I2S_GetFlagStatus
                0x08001010       0x38 ..\obj\stm32f4xx_spi.o
                0x08001010                SPI_I2S_GetFlagStatus
 .text.NVIC_Init
                0x08001048       0xc0 ..\obj\misc.o
                0x08001048                NVIC_Init
 .text.ssd1306_Reset
                0x08001108       0x34 ..\obj\ssd1306.o
                0x08001108                ssd1306_Reset
 .text.ssd1306_WriteCommand
                0x0800113c       0x54 ..\obj\ssd1306.o
                0x0800113c                ssd1306_WriteCommand
 .text.ssd1306_Init
                0x08001190       0xd4 ..\obj\ssd1306.o
                0x08001190                ssd1306_Init
 .text.ssd1306_Fill
                0x08001264       0x44 ..\obj\ssd1306.o
                0x08001264                ssd1306_Fill
 .text.ssd1306_UpdateScreen
                0x080012a8       0xa0 ..\obj\ssd1306.o
                0x080012a8                ssd1306_UpdateScreen
 .text.ssd1306_DrawPixel
                0x08001348       0xd0 ..\obj\ssd1306.o
                0x08001348                ssd1306_DrawPixel
 .text.ssd1306_WriteChar
                0x08001418      0x110 ..\obj\ssd1306.o
                0x08001418                ssd1306_WriteChar
 .text.ssd1306_WriteString
                0x08001528       0x4c ..\obj\ssd1306.o
                0x08001528                ssd1306_WriteString
 .text.ssd1306_SetCursor
                0x08001574       0x30 ..\obj\ssd1306.o
                0x08001574                ssd1306_SetCursor
 .text.ssd1306_SetContrast
                0x080015a4       0x28 ..\obj\ssd1306.o
                0x080015a4                ssd1306_SetContrast
 .text.ssd1306_SetDisplayOn
                0x080015cc       0x3c ..\obj\ssd1306.o
                0x080015cc                ssd1306_SetDisplayOn
 .text.LCD_DrawBitmap
                0x08001608       0xf0 ..\obj\ssd1306.o
                0x08001608                LCD_DrawBitmap
 .text.draw_car
                0x080016f8       0x30 ..\obj\ssd1306.o
                0x080016f8                draw_car
 .text.draw_vin
                0x08001728       0x30 ..\obj\ssd1306.o
                0x08001728                draw_vin
 .text.draw_logo
                0x08001758       0x30 ..\obj\ssd1306.o
                0x08001758                draw_logo
 .text.TIM_TimeBaseInit
                0x08001788       0xd4 ..\obj\stm32f4xx_tim.o
                0x08001788                TIM_TimeBaseInit
 .text.TIM_Cmd  0x0800185c       0x40 ..\obj\stm32f4xx_tim.o
                0x0800185c                TIM_Cmd
 .text.TIM_ITConfig
                0x0800189c       0x48 ..\obj\stm32f4xx_tim.o
                0x0800189c                TIM_ITConfig
 .text.TIM_ClearITPendingBit
                0x080018e4       0x20 ..\obj\stm32f4xx_tim.o
                0x080018e4                TIM_ClearITPendingBit
 .text.__itoa   0x08001904       0x30 c:/program files (x86)/gnu tools arm embedded/5.3 2016q1/bin/../lib/gcc/arm-none-eabi/5.3.1/../../../../arm-none-eabi/lib/armv7e-m\libc.a(lib_a-itoa.o)
                0x08001904                __itoa
 .text.itoa     0x08001934        0x4 c:/program files (x86)/gnu tools arm embedded/5.3 2016q1/bin/../lib/gcc/arm-none-eabi/5.3.1/../../../../arm-none-eabi/lib/armv7e-m\libc.a(lib_a-itoa.o)
                0x08001934                itoa
 .text.__utoa   0x08001938       0x80 c:/program files (x86)/gnu tools arm embedded/5.3 2016q1/bin/../lib/gcc/arm-none-eabi/5.3.1/../../../../arm-none-eabi/lib/armv7e-m\libc.a(lib_a-utoa.o)
                0x08001938                __utoa
 *(.init)
 *(.fini)
 *crtbegin.o(.ctors)
 *crtbegin?.o(.ctors)
 *(EXCLUDE_FILE(*crtend.o *crtend?.o) .ctors)
 *(SORT(.ctors.*))
 *(.ctors)
 *crtbegin.o(.dtors)
 *crtbegin?.o(.dtors)
 *(EXCLUDE_FILE(*crtend.o *crtend?.o) .dtors)
 *(SORT(.dtors.*))
 *(.dtors)
 *(.rodata*)
 .rodata        0x080019b8     0x2e04 ..\obj\ssd1306_fonts.o
 .rodata        0x080047bc       0x2c ..\obj\game.o
 .rodata        0x080047e8      0x81c ..\obj\ssd1306.o
                0x080047e8                bitmap_93i10l
                0x08004bc8                bitmap_tstwz
                0x08004e08                bitmap_la3bdb
                0x08004fc8                car
 .rodata.str1.4
                0x08005004       0x28 c:/program files (x86)/gnu tools arm embedded/5.3 2016q1/bin/../lib/gcc/arm-none-eabi/5.3.1/../../../../arm-none-eabi/lib/armv7e-m\libc.a(lib_a-utoa.o)
                                 0x25 (size before relaxing)
 *(.eh_fram e*)

.glue_7         0x0800502c        0x0
 .glue_7        0x0800502c        0x0 linker stubs

.glue_7t        0x0800502c        0x0
 .glue_7t       0x0800502c        0x0 linker stubs

.vfp11_veneer   0x0800502c        0x0
 .vfp11_veneer  0x0800502c        0x0 linker stubs

.v4_bx          0x0800502c        0x0
 .v4_bx         0x0800502c        0x0 linker stubs

.iplt           0x0800502c        0x0
 .iplt          0x0800502c        0x0 ..\obj\spi.o

.rel.dyn        0x0800502c        0x0
 .rel.iplt      0x0800502c        0x0 ..\obj\spi.o

.ARM.extab
 *(.ARM.extab* .gnu.linkonce.armextab.*)
                0x0800502c                __exidx_start = .

.ARM.exidx
 *(.ARM.exidx* .gnu.linkonce.armexidx.*)
                0x0800502c                __exidx_end = .
                0x0800502c                __etext = .
                0x0800502c                _sidata = __etext

.data           0x20000000       0x40 load address 0x0800502c
                0x20000000                __data_start__ = .
                0x20000000                _sdata = __data_start__
 *(vtable)
 *(.data*)
 .data          0x20000000       0x20 ..\obj\ssd1306_fonts.o
                0x20000000                Font_6x8
                0x20000008                Font_7x10
                0x20000010                Font_11x18
                0x20000018                Font_16x26
 .data          0x20000020       0x1e ..\obj\game.o
                0x20000020                lanePosArr
                0x20000024                roadLineX1
                0x20000025                roadLineX2
                0x20000026                roadLineX3
                0x20000027                roadLineX4
                0x20000028                roadLineX5
                0x20000029                drawSpeed
                0x2000002a                enemy0PosX
                0x2000002b                enemy1PosX
                0x2000002c                enemy2PosX
                0x20000030                highScore
                0x20000034                rnd_positions
                0x20000040                . = ALIGN (0x4)
 *fill*         0x2000003e        0x2 
                [!provide]                PROVIDE (__preinit_array_start, .)
 *(.preinit_array)
                [!provide]                PROVIDE (__preinit_array_end, .)
                0x20000040                . = ALIGN (0x4)
                [!provide]                PROVIDE (__init_array_start, .)
 *(SORT(.init_array.*))
 *(.init_array)
                [!provide]                PROVIDE (__init_array_end, .)
                0x20000040                . = ALIGN (0x4)
                [!provide]                PROVIDE (__fini_array_start, .)
 *(SORT(.fini_array.*))
 *(.fini_array)
                [!provide]                PROVIDE (__fini_array_end, .)
 *(.jcr*)
                0x20000040                . = ALIGN (0x4)
                0x20000040                __data_end__ = .
                0x20000040                _edata = __data_end__

.igot.plt       0x20000040        0x0 load address 0x0800506c
 .igot.plt      0x20000040        0x0 ..\obj\spi.o

.bss            0x20000040      0x460 load address 0x0800506c
                0x20000040                . = ALIGN (0x4)
                0x20000040                __bss_start__ = .
                0x20000040                _sbss = __bss_start__
 *(.bss*)
 .bss           0x20000040        0x4 ..\obj\delay.o
                0x20000040                delay
 .bss           0x20000044       0x18 ..\obj\main.o
                0x20000044                counter
                0x20000048                nCount
                0x2000004c                menuPressed
                0x20000050                result
                0x20000054                res
                0x20000056                enemy_start_time
                0x20000058                adcadc
                0x2000005a                BTNPressed
                0x2000005b                cursorY
 .bss           0x2000005c       0x1b ..\obj\game.o
                0x2000005c                dirPressed
                0x2000005d                BUTUP
                0x2000005e                BUTDWN
                0x2000005f                BUTLFT
                0x20000060                BUTRHT
                0x20000061                carPosX
                0x20000062                carPosY
                0x20000063                carPosYCnt
                0x20000064                carYTmp
                0x20000065                enemy0PosY
                0x20000066                enemy1PosY
                0x20000067                enemy2PosY
                0x20000068                score
                0x2000006c                compare
                0x20000070                metreCnt
                0x20000074                element
 *fill*         0x20000077        0x1 
 .bss           0x20000078      0x428 ..\obj\ssd1306.o
 *(COMMON)
                0x200004a0                . = ALIGN (0x4)
                0x200004a0                __bss_end__ = .
                0x200004a0                _ebss = __bss_end__

.heap           0x200004a0        0x0
                0x200004a0                __end__ = .
                0x200004a0                _end = __end__
                0x200004a0                end = __end__
 *(.heap*)
                0x200004a0                __HeapLimit = .

.co_stack       0x200004a0      0x800 load address 0x080054cc
                0x200004a0                . = ALIGN (0x8)
 *(.co_stack .co_stack.*)
 .co_stack      0x200004a0      0x800 ..\obj\startup_stm32f4xx.o
                0x200004a0                pulStack
                0x20020000                __StackTop = (ORIGIN (ram) + LENGTH (ram))
                0x2001f800                __StackLimit = (__StackTop - SIZEOF (.co_stack))
                [!provide]                PROVIDE (__stack, __StackTop)
                0x00000001                ASSERT ((__StackLimit >= __HeapLimit), region ram  overflowed with stack)
LOAD ..\obj\spi.o
LOAD ..\obj\delay.o
LOAD ..\obj\startup_stm32f4xx.o
LOAD ..\obj\ssd1306_tests.o
LOAD ..\obj\main.o
LOAD ..\obj\stm32f4xx_rcc.o
LOAD ..\obj\stm32f4xx_adc.o
LOAD ..\obj\stm32f4xx_gpio.o
LOAD ..\obj\system_stm32f4xx.o
LOAD ..\obj\ssd1306_fonts.o
LOAD ..\obj\game.o
LOAD ..\obj\stm32f4xx_spi.o
LOAD ..\obj\stm32f4xx_rng.o
LOAD ..\obj\misc.o
LOAD ..\obj\ssd1306.o
LOAD ..\obj\stm32f4xx_tim.o
LOAD c:/program files (x86)/gnu tools arm embedded/5.3 2016q1/bin/../lib/gcc/arm-none-eabi/5.3.1/../../../../arm-none-eabi/lib/armv7e-m\libm.a
LOAD c:/program files (x86)/gnu tools arm embedded/5.3 2016q1/bin/../lib/gcc/arm-none-eabi/5.3.1/../../../../arm-none-eabi/lib/armv7e-m\libc.a
START GROUP
LOAD c:/program files (x86)/gnu tools arm embedded/5.3 2016q1/bin/../lib/gcc/arm-none-eabi/5.3.1/armv7e-m\libgcc.a
LOAD c:/program files (x86)/gnu tools arm embedded/5.3 2016q1/bin/../lib/gcc/arm-none-eabi/5.3.1/../../../../arm-none-eabi/lib/armv7e-m\libg.a
LOAD c:/program files (x86)/gnu tools arm embedded/5.3 2016q1/bin/../lib/gcc/arm-none-eabi/5.3.1/../../../../arm-none-eabi/lib/armv7e-m\libc.a
END GROUP
OUTPUT(Project.elf elf32-littlearm)

.debug_info     0x00000000     0x685f
 .debug_info    0x00000000      0x477 ..\obj\spi.o
 .debug_info    0x00000477      0x194 ..\obj\delay.o
 .debug_info    0x0000060b       0xf2 ..\obj\startup_stm32f4xx.o
 .debug_info    0x000006fd      0xce2 ..\obj\main.o
 .debug_info    0x000013df      0xc63 ..\obj\stm32f4xx_rcc.o
 .debug_info    0x00002042      0x61a ..\obj\stm32f4xx_gpio.o
 .debug_info    0x0000265c      0x1c0 ..\obj\ssd1306_fonts.o
 .debug_info    0x0000281c      0x693 ..\obj\game.o
 .debug_info    0x00002eaf      0xb0f ..\obj\stm32f4xx_spi.o
 .debug_info    0x000039be      0x556 ..\obj\misc.o
 .debug_info    0x00003f14      0xce2 ..\obj\ssd1306.o
 .debug_info    0x00004bf6     0x1c69 ..\obj\stm32f4xx_tim.o

.debug_abbrev   0x00000000     0x1159
 .debug_abbrev  0x00000000      0x103 ..\obj\spi.o
 .debug_abbrev  0x00000103       0xe0 ..\obj\delay.o
 .debug_abbrev  0x000001e3       0xb0 ..\obj\startup_stm32f4xx.o
 .debug_abbrev  0x00000293      0x215 ..\obj\main.o
 .debug_abbrev  0x000004a8      0x1e5 ..\obj\stm32f4xx_rcc.o
 .debug_abbrev  0x0000068d      0x1a7 ..\obj\stm32f4xx_gpio.o
 .debug_abbrev  0x00000834       0x9e ..\obj\ssd1306_fonts.o
 .debug_abbrev  0x000008d2      0x1af ..\obj\game.o
 .debug_abbrev  0x00000a81      0x169 ..\obj\stm32f4xx_spi.o
 .debug_abbrev  0x00000bea      0x147 ..\obj\misc.o
 .debug_abbrev  0x00000d31      0x29f ..\obj\ssd1306.o
 .debug_abbrev  0x00000fd0      0x189 ..\obj\stm32f4xx_tim.o

.debug_aranges  0x00000000      0x888
 .debug_aranges
                0x00000000       0x20 ..\obj\spi.o
 .debug_aranges
                0x00000020       0x30 ..\obj\delay.o
 .debug_aranges
                0x00000050       0x28 ..\obj\startup_stm32f4xx.o
 .debug_aranges
                0x00000078       0x78 ..\obj\main.o
 .debug_aranges
                0x000000f0      0x178 ..\obj\stm32f4xx_rcc.o
 .debug_aranges
                0x00000268       0x88 ..\obj\stm32f4xx_gpio.o
 .debug_aranges
                0x000002f0       0x18 ..\obj\ssd1306_fonts.o
 .debug_aranges
                0x00000308       0x78 ..\obj\game.o
 .debug_aranges
                0x00000380       0xe0 ..\obj\stm32f4xx_spi.o
 .debug_aranges
                0x00000460       0x40 ..\obj\misc.o
 .debug_aranges
                0x000004a0       0xf0 ..\obj\ssd1306.o
 .debug_aranges
                0x00000590      0x2f8 ..\obj\stm32f4xx_tim.o

.debug_ranges   0x00000000      0x7c0
 .debug_ranges  0x00000000       0x10 ..\obj\spi.o
 .debug_ranges  0x00000010       0x20 ..\obj\delay.o
 .debug_ranges  0x00000030       0x18 ..\obj\startup_stm32f4xx.o
 .debug_ranges  0x00000048       0x68 ..\obj\main.o
 .debug_ranges  0x000000b0      0x168 ..\obj\stm32f4xx_rcc.o
 .debug_ranges  0x00000218       0x78 ..\obj\stm32f4xx_gpio.o
 .debug_ranges  0x00000290       0x68 ..\obj\game.o
 .debug_ranges  0x000002f8       0xd0 ..\obj\stm32f4xx_spi.o
 .debug_ranges  0x000003c8       0x30 ..\obj\misc.o
 .debug_ranges  0x000003f8       0xe0 ..\obj\ssd1306.o
 .debug_ranges  0x000004d8      0x2e8 ..\obj\stm32f4xx_tim.o

.debug_line     0x00000000     0x3133
 .debug_line    0x00000000      0x260 ..\obj\spi.o
 .debug_line    0x00000260      0x217 ..\obj\delay.o
 .debug_line    0x00000477       0xad ..\obj\startup_stm32f4xx.o
 .debug_line    0x00000524      0x3e4 ..\obj\main.o
 .debug_line    0x00000908      0x5f5 ..\obj\stm32f4xx_rcc.o
 .debug_line    0x00000efd      0x3b0 ..\obj\stm32f4xx_gpio.o
 .debug_line    0x000012ad      0x186 ..\obj\ssd1306_fonts.o
 .debug_line    0x00001433      0x44e ..\obj\game.o
 .debug_line    0x00001881      0x4a9 ..\obj\stm32f4xx_spi.o
 .debug_line    0x00001d2a      0x28e ..\obj\misc.o
 .debug_line    0x00001fb8      0x66a ..\obj\ssd1306.o
 .debug_line    0x00002622      0xb11 ..\obj\stm32f4xx_tim.o

.debug_str      0x00000000     0x2b36
 .debug_str     0x00000000      0x465 ..\obj\spi.o
                                0x4cf (size before relaxing)
 .debug_str     0x00000465       0xd3 ..\obj\delay.o
                                0x214 (size before relaxing)
 .debug_str     0x00000538       0xbc ..\obj\startup_stm32f4xx.o
                                0x153 (size before relaxing)
 .debug_str     0x000005f4      0x8a8 ..\obj\main.o
                                0xc91 (size before relaxing)
 .debug_str     0x00000e9c      0x54d ..\obj\stm32f4xx_rcc.o
                                0x85c (size before relaxing)
 .debug_str     0x000013e9      0x19f ..\obj\stm32f4xx_gpio.o
                                0x4af (size before relaxing)
 .debug_str     0x00001588       0x90 ..\obj\ssd1306_fonts.o
                                0x1eb (size before relaxing)
 .debug_str     0x00001618      0x202 ..\obj\game.o
                                0x455 (size before relaxing)
 .debug_str     0x0000181a      0x307 ..\obj\stm32f4xx_spi.o
                                0x696 (size before relaxing)
 .debug_str     0x00001b21      0x1c1 ..\obj\misc.o
                                0x3da (size before relaxing)
 .debug_str     0x00001ce2      0x3c2 ..\obj\ssd1306.o
                                0x6be (size before relaxing)
 .debug_str     0x000020a4      0xa92 ..\obj\stm32f4xx_tim.o
                                0xddc (size before relaxing)

.comment        0x00000000       0x6e
 .comment       0x00000000       0x6e ..\obj\spi.o
                                 0x6f (size before relaxing)
 .comment       0x0000006e       0x6f ..\obj\delay.o
 .comment       0x0000006e       0x6f ..\obj\startup_stm32f4xx.o
 .comment       0x0000006e       0x6f ..\obj\main.o
 .comment       0x0000006e       0x6f ..\obj\stm32f4xx_rcc.o
 .comment       0x0000006e       0x6f ..\obj\stm32f4xx_gpio.o
 .comment       0x0000006e       0x6f ..\obj\ssd1306_fonts.o
 .comment       0x0000006e       0x6f ..\obj\game.o
 .comment       0x0000006e       0x6f ..\obj\stm32f4xx_spi.o
 .comment       0x0000006e       0x6f ..\obj\misc.o
 .comment       0x0000006e       0x6f ..\obj\ssd1306.o
 .comment       0x0000006e       0x6f ..\obj\stm32f4xx_tim.o

.ARM.attributes
                0x00000000       0x31
 .ARM.attributes
                0x00000000       0x33 ..\obj\spi.o
 .ARM.attributes
                0x00000033       0x33 ..\obj\delay.o
 .ARM.attributes
                0x00000066       0x33 ..\obj\startup_stm32f4xx.o
 .ARM.attributes
                0x00000099       0x33 ..\obj\main.o
 .ARM.attributes
                0x000000cc       0x33 ..\obj\stm32f4xx_rcc.o
 .ARM.attributes
                0x000000ff       0x33 ..\obj\stm32f4xx_gpio.o
 .ARM.attributes
                0x00000132       0x33 ..\obj\ssd1306_fonts.o
 .ARM.attributes
                0x00000165       0x33 ..\obj\game.o
 .ARM.attributes
                0x00000198       0x33 ..\obj\stm32f4xx_spi.o
 .ARM.attributes
                0x000001cb       0x33 ..\obj\misc.o
 .ARM.attributes
                0x000001fe       0x33 ..\obj\ssd1306.o
 .ARM.attributes
                0x00000231       0x33 ..\obj\stm32f4xx_tim.o
 .ARM.attributes
                0x00000264       0x2e c:/program files (x86)/gnu tools arm embedded/5.3 2016q1/bin/../lib/gcc/arm-none-eabi/5.3.1/../../../../arm-none-eabi/lib/armv7e-m\libc.a(lib_a-itoa.o)
 .ARM.attributes
                0x00000292       0x2e c:/program files (x86)/gnu tools arm embedded/5.3 2016q1/bin/../lib/gcc/arm-none-eabi/5.3.1/../../../../arm-none-eabi/lib/armv7e-m\libc.a(lib_a-utoa.o)

.debug_frame    0x00000000     0x24ac
 .debug_frame   0x00000000       0x34 ..\obj\spi.o
 .debug_frame   0x00000034       0x78 ..\obj\delay.o
 .debug_frame   0x000000ac       0x4c ..\obj\startup_stm32f4xx.o
 .debug_frame   0x000000f8      0x18c ..\obj\main.o
 .debug_frame   0x00000284      0x6d4 ..\obj\stm32f4xx_rcc.o
 .debug_frame   0x00000958      0x23c ..\obj\stm32f4xx_gpio.o
 .debug_frame   0x00000b94      0x174 ..\obj\game.o
 .debug_frame   0x00000d08      0x3f4 ..\obj\stm32f4xx_spi.o
 .debug_frame   0x000010fc       0xd8 ..\obj\misc.o
 .debug_frame   0x000011d4      0x3fc ..\obj\ssd1306.o
 .debug_frame   0x000015d0      0xe54 ..\obj\stm32f4xx_tim.o
 .debug_frame   0x00002424       0x3c c:/program files (x86)/gnu tools arm embedded/5.3 2016q1/bin/../lib/gcc/arm-none-eabi/5.3.1/../../../../arm-none-eabi/lib/armv7e-m\libc.a(lib_a-itoa.o)
 .debug_frame   0x00002460       0x4c c:/program files (x86)/gnu tools arm embedded/5.3 2016q1/bin/../lib/gcc/arm-none-eabi/5.3.1/../../../../arm-none-eabi/lib/armv7e-m\libc.a(lib_a-utoa.o)
