Archive member included to satisfy reference by file (symbol)

c:/program files (x86)/gnu tools arm embedded/5.3 2016q1/bin/../lib/gcc/arm-none-eabi/5.3.1/../../../../arm-none-eabi/lib/armv7e-m\libm.a(lib_a-s_cos.o)
                              ..\obj\ssd1306.o (cos)
c:/program files (x86)/gnu tools arm embedded/5.3 2016q1/bin/../lib/gcc/arm-none-eabi/5.3.1/../../../../arm-none-eabi/lib/armv7e-m\libm.a(lib_a-s_sin.o)
                              ..\obj\ssd1306.o (sin)
c:/program files (x86)/gnu tools arm embedded/5.3 2016q1/bin/../lib/gcc/arm-none-eabi/5.3.1/../../../../arm-none-eabi/lib/armv7e-m\libm.a(lib_a-e_rem_pio2.o)
                              c:/program files (x86)/gnu tools arm embedded/5.3 2016q1/bin/../lib/gcc/arm-none-eabi/5.3.1/../../../../arm-none-eabi/lib/armv7e-m\libm.a(lib_a-s_cos.o) (__ieee754_rem_pio2)
c:/program files (x86)/gnu tools arm embedded/5.3 2016q1/bin/../lib/gcc/arm-none-eabi/5.3.1/../../../../arm-none-eabi/lib/armv7e-m\libm.a(lib_a-k_cos.o)
                              c:/program files (x86)/gnu tools arm embedded/5.3 2016q1/bin/../lib/gcc/arm-none-eabi/5.3.1/../../../../arm-none-eabi/lib/armv7e-m\libm.a(lib_a-s_cos.o) (__kernel_cos)
c:/program files (x86)/gnu tools arm embedded/5.3 2016q1/bin/../lib/gcc/arm-none-eabi/5.3.1/../../../../arm-none-eabi/lib/armv7e-m\libm.a(lib_a-k_rem_pio2.o)
                              c:/program files (x86)/gnu tools arm embedded/5.3 2016q1/bin/../lib/gcc/arm-none-eabi/5.3.1/../../../../arm-none-eabi/lib/armv7e-m\libm.a(lib_a-e_rem_pio2.o) (__kernel_rem_pio2)
c:/program files (x86)/gnu tools arm embedded/5.3 2016q1/bin/../lib/gcc/arm-none-eabi/5.3.1/../../../../arm-none-eabi/lib/armv7e-m\libm.a(lib_a-k_sin.o)
                              c:/program files (x86)/gnu tools arm embedded/5.3 2016q1/bin/../lib/gcc/arm-none-eabi/5.3.1/../../../../arm-none-eabi/lib/armv7e-m\libm.a(lib_a-s_cos.o) (__kernel_sin)
c:/program files (x86)/gnu tools arm embedded/5.3 2016q1/bin/../lib/gcc/arm-none-eabi/5.3.1/../../../../arm-none-eabi/lib/armv7e-m\libm.a(lib_a-s_fabs.o)
                              c:/program files (x86)/gnu tools arm embedded/5.3 2016q1/bin/../lib/gcc/arm-none-eabi/5.3.1/../../../../arm-none-eabi/lib/armv7e-m\libm.a(lib_a-e_rem_pio2.o) (fabs)
c:/program files (x86)/gnu tools arm embedded/5.3 2016q1/bin/../lib/gcc/arm-none-eabi/5.3.1/../../../../arm-none-eabi/lib/armv7e-m\libm.a(lib_a-s_floor.o)
                              c:/program files (x86)/gnu tools arm embedded/5.3 2016q1/bin/../lib/gcc/arm-none-eabi/5.3.1/../../../../arm-none-eabi/lib/armv7e-m\libm.a(lib_a-k_rem_pio2.o) (floor)
c:/program files (x86)/gnu tools arm embedded/5.3 2016q1/bin/../lib/gcc/arm-none-eabi/5.3.1/../../../../arm-none-eabi/lib/armv7e-m\libm.a(lib_a-s_scalbn.o)
                              c:/program files (x86)/gnu tools arm embedded/5.3 2016q1/bin/../lib/gcc/arm-none-eabi/5.3.1/../../../../arm-none-eabi/lib/armv7e-m\libm.a(lib_a-k_rem_pio2.o) (scalbn)
c:/program files (x86)/gnu tools arm embedded/5.3 2016q1/bin/../lib/gcc/arm-none-eabi/5.3.1/../../../../arm-none-eabi/lib/armv7e-m\libm.a(lib_a-s_copysign.o)
                              c:/program files (x86)/gnu tools arm embedded/5.3 2016q1/bin/../lib/gcc/arm-none-eabi/5.3.1/../../../../arm-none-eabi/lib/armv7e-m\libm.a(lib_a-s_scalbn.o) (copysign)
c:/program files (x86)/gnu tools arm embedded/5.3 2016q1/bin/../lib/gcc/arm-none-eabi/5.3.1/../../../../arm-none-eabi/lib/armv7e-m\libc.a(lib_a-itoa.o)
                              ..\obj\menu.o (itoa)
c:/program files (x86)/gnu tools arm embedded/5.3 2016q1/bin/../lib/gcc/arm-none-eabi/5.3.1/../../../../arm-none-eabi/lib/armv7e-m\libc.a(lib_a-memcpy.o)
                              ..\obj\ssd1306.o (memcpy)
c:/program files (x86)/gnu tools arm embedded/5.3 2016q1/bin/../lib/gcc/arm-none-eabi/5.3.1/../../../../arm-none-eabi/lib/armv7e-m\libc.a(lib_a-memmove.o)
                              ..\obj\ssd1306_tests.o (memmove)
c:/program files (x86)/gnu tools arm embedded/5.3 2016q1/bin/../lib/gcc/arm-none-eabi/5.3.1/../../../../arm-none-eabi/lib/armv7e-m\libc.a(lib_a-snprintf.o)
                              ..\obj\ssd1306_tests.o (snprintf)
c:/program files (x86)/gnu tools arm embedded/5.3 2016q1/bin/../lib/gcc/arm-none-eabi/5.3.1/../../../../arm-none-eabi/lib/armv7e-m\libc.a(lib_a-svfprintf.o)
                              c:/program files (x86)/gnu tools arm embedded/5.3 2016q1/bin/../lib/gcc/arm-none-eabi/5.3.1/../../../../arm-none-eabi/lib/armv7e-m\libc.a(lib_a-snprintf.o) (_svfprintf_r)
c:/program files (x86)/gnu tools arm embedded/5.3 2016q1/bin/../lib/gcc/arm-none-eabi/5.3.1/../../../../arm-none-eabi/lib/armv7e-m\libc.a(lib_a-utoa.o)
                              c:/program files (x86)/gnu tools arm embedded/5.3 2016q1/bin/../lib/gcc/arm-none-eabi/5.3.1/../../../../arm-none-eabi/lib/armv7e-m\libc.a(lib_a-itoa.o) (__utoa)
[...]
Memory Configuration

Name             Origin             Length             Attributes
rom              0x08000000         0x00100000         xr
ram              0x20000000         0x00020000         xrw
ram1             0x10000000         0x00010000         xrw
*default*        0x00000000         0xffffffff

Linker script and memory map

                0x20020000                _eram = 0x20020000

.text           0x08000000     0x55a4
 *(.isr_vector)
 .isr_vector    0x08000000      0x188 ..\obj\startup_stm32f4xx.o
                0x08000000                g_pfnVectors
 *(.text*)
 .text.SPI_INIT
                0x08000188       0xe8 ..\obj\spi.o
                0x08000188                SPI_INIT
 .text.Delay    0x08000270       0x2c ..\obj\delay.o
                0x08000270                Delay
 .text.SysTick_Handler
                0x0800029c       0x1c ..\obj\delay.o
                0x0800029c                SysTick_Handler
 .text.Default_Reset_Handler
                0x080002b8       0x5c ..\obj\startup_stm32f4xx.o
                0x080002b8                Default_Reset_Handler
                0x080002b8                Reset_Handler
 .text.Default_Handler
                0x08000314        0x8 ..\obj\startup_stm32f4xx.o
                0x08000314                RTC_Alarm_IRQHandler
                0x08000314                HASH_RNG_IRQHandler
                0x08000314                EXTI2_IRQHandler
                0x08000314                TIM8_CC_IRQHandler
                0x08000314                DebugMon_Handler
                0x08000314                TIM1_CC_IRQHandler
                0x08000314                DMA2_Stream5_IRQHandler
                0x08000314                HardFault_Handler
                0x08000314                DMA1_Stream5_IRQHandler
                0x08000314                PVD_IRQHandler
                0x08000314                SDIO_IRQHandler
                0x08000314                TAMP_STAMP_IRQHandler
                0x08000314                PendSV_Handler
                0x08000314                NMI_Handler
                0x08000314                CAN2_RX1_IRQHandler
                0x08000314                EXTI3_IRQHandler
                0x08000314                TIM8_TRG_COM_TIM14_IRQHandler
                0x08000314                TIM1_UP_TIM10_IRQHandler
                0x08000314                TIM8_UP_TIM13_IRQHandler
                0x08000314                I2C3_ER_IRQHandler
                0x08000314                EXTI0_IRQHandler
                0x08000314                I2C2_EV_IRQHandler
                0x08000314                DMA1_Stream2_IRQHandler
                0x08000314                CAN1_RX0_IRQHandler
                0x08000314                FPU_IRQHandler
                0x08000314                OTG_HS_WKUP_IRQHandler
                0x08000314                UsageFault_Handler
                0x08000314                CAN2_SCE_IRQHandler
                0x08000314                DMA2_Stream2_IRQHandler
                0x08000314                SPI1_IRQHandler
                0x08000314                TIM6_DAC_IRQHandler
                0x08000314                TIM1_BRK_TIM9_IRQHandler
                0x08000314                DCMI_IRQHandler
                0x08000314                CAN2_RX0_IRQHandler
                0x08000314                DMA2_Stream3_IRQHandler
                0x08000314                USART6_IRQHandler
                0x08000314                USART3_IRQHandler
                0x08000314                CRYP_IRQHandler
                0x08000314                CAN1_RX1_IRQHandler
                0x08000314                UART5_IRQHandler
                0x08000314                DMA2_Stream0_IRQHandler
                0x08000314                I2C1_EV_IRQHandler
                0x08000314                DMA1_Stream6_IRQHandler
                0x08000314                DMA1_Stream1_IRQHandler
                0x08000314                UART4_IRQHandler
                0x08000314                TIM3_IRQHandler
                0x08000314                RCC_IRQHandler
                0x08000314                TIM8_BRK_TIM12_IRQHandler
                0x08000314                EXTI15_10_IRQHandler
                0x08000314                ADC_IRQHandler
                0x08000314                DMA1_Stream7_IRQHandler
                0x08000314                CAN2_TX_IRQHandler
                0x08000314                TIM5_IRQHandler
                0x08000314                DMA2_Stream7_IRQHandler
                0x08000314                I2C3_EV_IRQHandler
                0x08000314                EXTI9_5_IRQHandler
                0x08000314                RTC_WKUP_IRQHandler
                0x08000314                ETH_WKUP_IRQHandler
                0x08000314                SPI2_IRQHandler
                0x08000314                OTG_HS_EP1_IN_IRQHandler
                0x08000314                MemManage_Handler
                0x08000314                DMA1_Stream0_IRQHandler
                0x08000314                CAN1_TX_IRQHandler
                0x08000314                SVC_Handler
                0x08000314                EXTI4_IRQHandler
                0x08000314                FSMC_IRQHandler
                0x08000314                ETH_IRQHandler
                0x08000314                OTG_HS_EP1_OUT_IRQHandler
                0x08000314                WWDG_IRQHandler
                0x08000314                TIM2_IRQHandler
                0x08000314                OTG_FS_WKUP_IRQHandler
                0x08000314                TIM1_TRG_COM_TIM11_IRQHandler
                0x08000314                OTG_HS_IRQHandler
                0x08000314                EXTI1_IRQHandler
                0x08000314                USART2_IRQHandler
                0x08000314                I2C2_ER_IRQHandler
                0x08000314                DMA2_Stream1_IRQHandler
                0x08000314                CAN1_SCE_IRQHandler
                0x08000314                FLASH_IRQHandler
                0x08000314                DMA2_Stream4_IRQHandler
                0x08000314                BusFault_Handler
                0x08000314                USART1_IRQHandler
                0x08000314                OTG_FS_IRQHandler
                0x08000314                SPI3_IRQHandler
                0x08000314                DMA1_Stream4_IRQHandler
                0x08000314                I2C1_ER_IRQHandler
                0x08000314                DMA2_Stream6_IRQHandler
                0x08000314                DMA1_Stream3_IRQHandler
 .text.main     0x0800031c       0x8c ..\obj\main.o
                0x0800031c                main
 .text.adc_rand
                0x080003a8       0x60 ..\obj\main.o
                0x080003a8                adc_rand
 .text.ADC_INIT
                0x08000408       0x78 ..\obj\main.o
                0x08000408                ADC_INIT
 .text.TIM4_IRQHandler
                0x08000480       0x14 ..\obj\main.o
                0x08000480                TIM4_IRQHandler
 .text.millis   0x08000494       0x14 ..\obj\main.o
                0x08000494                millis
 .text.TIM_INIT
                0x080004a8       0x44 ..\obj\main.o
                0x080004a8                TIM_INIT
 .text.NVIC_INIT
                0x080004ec       0x28 ..\obj\main.o
                0x080004ec                NVIC_INIT
 .text.TIM7_IRQHandler
                0x08000514       0x24 ..\obj\main.o
                0x08000514                TIM7_IRQHandler
 .text.GPIO_INIT
                0x08000538       0xc4 ..\obj\main.o
                0x08000538                GPIO_INIT
 .text.RCC_AHB1PeriphClockCmd
                0x080005fc       0x3c ..\obj\stm32f4xx_rcc.o
                0x080005fc                RCC_AHB1PeriphClockCmd
 .text.RCC_APB1PeriphClockCmd
                0x08000638       0x3c ..\obj\stm32f4xx_rcc.o
                0x08000638                RCC_APB1PeriphClockCmd
 .text.RCC_APB2PeriphClockCmd
                0x08000674       0x3c ..\obj\stm32f4xx_rcc.o
                0x08000674                RCC_APB2PeriphClockCmd
 .text.MENU_UPDATE
                0x080006b0      0x158 ..\obj\menu.o
                0x080006b0                MENU_UPDATE
 .text.BTN      0x08000808       0x94 ..\obj\menu.o
                0x08000808                BTN
 .text.func     0x0800089c      0x11c ..\obj\menu.o
                0x0800089c                func
 .text.menu2    0x080009b8       0x68 ..\obj\menu.o
                0x080009b8                menu2
 .text.menu3    0x08000a20        0xc ..\obj\menu.o
                0x08000a20                menu3
 .text.menu4    0x08000a2c        0xc ..\obj\menu.o
                0x08000a2c                menu4
 .text.updateDir
                0x08000a38       0x6c ..\obj\menu.o
                0x08000a38                updateDir
 .text.GPIO_Init
                0x08000aa4      0x11c ..\obj\stm32f4xx_gpio.o
                0x08000aa4                GPIO_Init
 .text.GPIO_ReadInputDataBit
                0x08000bc0       0x34 ..\obj\stm32f4xx_gpio.o
                0x08000bc0                GPIO_ReadInputDataBit
 .text.GPIO_SetBits
                0x08000bf4       0x1c ..\obj\stm32f4xx_gpio.o
                0x08000bf4                GPIO_SetBits
 .text.GPIO_ResetBits
                0x08000c10       0x1c ..\obj\stm32f4xx_gpio.o
                0x08000c10                GPIO_ResetBits
 .text.GPIO_PinAFConfig
                0x08000c2c       0x90 ..\obj\stm32f4xx_gpio.o
                0x08000c2c                GPIO_PinAFConfig
 .text.updateDirection
                0x08000cbc       0x40 ..\obj\game.o
                0x08000cbc                updateDirection
 .text.moveCar  0x08000cfc       0x6c ..\obj\game.o
                0x08000cfc                moveCar
 .text.updateDisplay
                0x08000d68       0x14 ..\obj\game.o
                0x08000d68                updateDisplay
 .text.updateGame
                0x08000d7c       0xc8 ..\obj\game.o
                0x08000d7c                updateGame
 .text.setGameSpeed
                0x08000e44       0x28 ..\obj\game.o
                0x08000e44                setGameSpeed
 .text.drawRoad
                0x08000e6c      0x1a4 ..\obj\game.o
                0x08000e6c                drawRoad
 .text.enemysDraw
                0x08001010       0xe4 ..\obj\game.o
                0x08001010                enemysDraw
 .text.detectCrash
                0x080010f4       0xe0 ..\obj\game.o
                0x080010f4                detectCrash
 .text.gameOver
                0x080011d4       0x80 ..\obj\game.o
                0x080011d4                gameOver
 .text.restartGame
                0x08001254       0x8c ..\obj\game.o
                0x08001254                restartGame
 .text.splashScreen
                0x080012e0       0x2c ..\obj\game.o
                0x080012e0                splashScreen
 .text.waitForPress
                0x0800130c       0xec ..\obj\game.o
                0x0800130c                waitForPress
 .text.SPI_Init
                0x080013f8       0x88 ..\obj\stm32f4xx_spi.o
                0x080013f8                SPI_Init
 .text.SPI_Cmd  0x08001480       0x40 ..\obj\stm32f4xx_spi.o
                0x08001480                SPI_Cmd
 .text.SPI_I2S_SendData
                0x080014c0       0x1c ..\obj\stm32f4xx_spi.o
                0x080014c0                SPI_I2S_SendData
 .text.SPI_I2S_GetFlagStatus
                0x080014dc       0x38 ..\obj\stm32f4xx_spi.o
                0x080014dc                SPI_I2S_GetFlagStatus
 .text.NVIC_Init
                0x08001514       0xc0 ..\obj\misc.o
                0x08001514                NVIC_Init
 .text.ssd1306_Reset
                0x080015d4       0x34 ..\obj\ssd1306.o
                0x080015d4                ssd1306_Reset
 .text.ssd1306_WriteCommand
                0x08001608       0x54 ..\obj\ssd1306.o
                0x08001608                ssd1306_WriteCommand
 .text.ssd1306_Init
                0x0800165c       0xd4 ..\obj\ssd1306.o
                0x0800165c                ssd1306_Init
 .text.ssd1306_Fill
                0x08001730       0x44 ..\obj\ssd1306.o
                0x08001730                ssd1306_Fill
 .text.ssd1306_UpdateScreen
                0x08001774       0xa0 ..\obj\ssd1306.o
                0x08001774                ssd1306_UpdateScreen
 .text.ssd1306_DrawPixel
                0x08001814       0xd0 ..\obj\ssd1306.o
                0x08001814                ssd1306_DrawPixel
 .text.ssd1306_WriteChar
                0x080018e4      0x110 ..\obj\ssd1306.o
                0x080018e4                ssd1306_WriteChar
 .text.ssd1306_WriteString
                0x080019f4       0x4c ..\obj\ssd1306.o
                0x080019f4                ssd1306_WriteString
 .text.ssd1306_SetCursor
                0x08001a40       0x30 ..\obj\ssd1306.o
                0x08001a40                ssd1306_SetCursor
 .text.ssd1306_SetContrast
                0x08001a70       0x28 ..\obj\ssd1306.o
                0x08001a70                ssd1306_SetContrast
 .text.ssd1306_SetDisplayOn
                0x08001a98       0x3c ..\obj\ssd1306.o
                0x08001a98                ssd1306_SetDisplayOn
 .text.LCD_DrawBitmap
                0x08001ad4       0xf0 ..\obj\ssd1306.o
                0x08001ad4                LCD_DrawBitmap
 .text.draw_car
                0x08001bc4       0x30 ..\obj\ssd1306.o
                0x08001bc4                draw_car
 .text.draw_vin
                0x08001bf4       0x30 ..\obj\ssd1306.o
                0x08001bf4                draw_vin
 .text.draw_logo
                0x08001c24       0x30 ..\obj\ssd1306.o
                0x08001c24                draw_logo
 .text.TIM_TimeBaseInit
                0x08001c54       0xd4 ..\obj\stm32f4xx_tim.o
                0x08001c54                TIM_TimeBaseInit
 .text.TIM_Cmd  0x08001d28       0x40 ..\obj\stm32f4xx_tim.o
                0x08001d28                TIM_Cmd
 .text.TIM_ITConfig
                0x08001d68       0x48 ..\obj\stm32f4xx_tim.o
                0x08001d68                TIM_ITConfig
 .text.TIM_ClearITPendingBit
                0x08001db0       0x20 ..\obj\stm32f4xx_tim.o
                0x08001db0                TIM_ClearITPendingBit
 .text.__itoa   0x08001dd0       0x30 c:/program files (x86)/gnu tools arm embedded/5.3 2016q1/bin/../lib/gcc/arm-none-eabi/5.3.1/../../../../arm-none-eabi/lib/armv7e-m\libc.a(lib_a-itoa.o)
                0x08001dd0                __itoa
 .text.itoa     0x08001e00        0x4 c:/program files (x86)/gnu tools arm embedded/5.3 2016q1/bin/../lib/gcc/arm-none-eabi/5.3.1/../../../../arm-none-eabi/lib/armv7e-m\libc.a(lib_a-itoa.o)
                0x08001e00                itoa
 .text.__utoa   0x08001e04       0x80 c:/program files (x86)/gnu tools arm embedded/5.3 2016q1/bin/../lib/gcc/arm-none-eabi/5.3.1/../../../../arm-none-eabi/lib/armv7e-m\libc.a(lib_a-utoa.o)
                0x08001e04                __utoa
 *(.init)
 *(.fini)
 *crtbegin.o(.ctors)
 *crtbegin?.o(.ctors)
 *(EXCLUDE_FILE(*crtend.o *crtend?.o) .ctors)
 *(SORT(.ctors.*))
 *(.ctors)
 *crtbegin.o(.dtors)
 *crtbegin?.o(.dtors)
 *(EXCLUDE_FILE(*crtend.o *crtend?.o) .dtors)
 *(SORT(.dtors.*))
 *(.dtors)
 *(.rodata*)
 .rodata        0x08001e84       0x97 ..\obj\menu.o
 *fill*         0x08001f1b        0x1 
 .rodata        0x08001f1c     0x2e04 ..\obj\ssd1306_fonts.o
 .rodata        0x08004d20       0x3f ..\obj\game.o
 *fill*         0x08004d5f        0x1 
 .rodata        0x08004d60      0x81c ..\obj\ssd1306.o
                0x08004d60                bitmap_93i10l
                0x08005140                bitmap_tstwz
                0x08005380                bitmap_la3bdb
                0x08005540                car
 .rodata.str1.4
                0x0800557c       0x28 c:/program files (x86)/gnu tools arm embedded/5.3 2016q1/bin/../lib/gcc/arm-none-eabi/5.3.1/../../../../arm-none-eabi/lib/armv7e-m\libc.a(lib_a-utoa.o)
                                 0x25 (size before relaxing)
 *(.eh_fram e*)

.glue_7         0x080055a4        0x0
 .glue_7        0x080055a4        0x0 linker stubs

.glue_7t        0x080055a4        0x0
 .glue_7t       0x080055a4        0x0 linker stubs

.vfp11_veneer   0x080055a4        0x0
 .vfp11_veneer  0x080055a4        0x0 linker stubs

.v4_bx          0x080055a4        0x0
 .v4_bx         0x080055a4        0x0 linker stubs

.iplt           0x080055a4        0x0
 .iplt          0x080055a4        0x0 ..\obj\spi.o

.rel.dyn        0x080055a4        0x0
 .rel.iplt      0x080055a4        0x0 ..\obj\spi.o

.ARM.extab
 *(.ARM.extab* .gnu.linkonce.armextab.*)
                0x080055a4                __exidx_start = .

.ARM.exidx
 *(.ARM.exidx* .gnu.linkonce.armexidx.*)
                0x080055a4                __exidx_end = .
                0x080055a4                __etext = .
                0x080055a4                _sidata = __etext

.data           0x20000000       0x40 load address 0x080055a4
                0x20000000                __data_start__ = .
                0x20000000                _sdata = __data_start__
 *(vtable)
 *(.data*)
 .data          0x20000000       0x20 ..\obj\ssd1306_fonts.o
                0x20000000                Font_6x8
                0x20000008                Font_7x10
                0x20000010                Font_11x18
                0x20000018                Font_16x26
 .data          0x20000020       0x1e ..\obj\game.o
                0x20000020                lanePosArr
                0x20000024                roadLineX1
                0x20000025                roadLineX2
                0x20000026                roadLineX3
                0x20000027                roadLineX4
                0x20000028                roadLineX5
                0x20000029                drawSpeed
                0x2000002a                enemy0PosX
                0x2000002b                enemy1PosX
                0x2000002c                enemy2PosX
                0x20000030                highScore
                0x20000034                rnd_positions
                0x20000040                . = ALIGN (0x4)
 *fill*         0x2000003e        0x2 
                [!provide]                PROVIDE (__preinit_array_start, .)
 *(.preinit_array)
                [!provide]                PROVIDE (__preinit_array_end, .)
                0x20000040                . = ALIGN (0x4)
                [!provide]                PROVIDE (__init_array_start, .)
 *(SORT(.init_array.*))
 *(.init_array)
                [!provide]                PROVIDE (__init_array_end, .)
                0x20000040                . = ALIGN (0x4)
                [!provide]                PROVIDE (__fini_array_start, .)
 *(SORT(.fini_array.*))
 *(.fini_array)
                [!provide]                PROVIDE (__fini_array_end, .)
 *(.jcr*)
                0x20000040                . = ALIGN (0x4)
                0x20000040                __data_end__ = .
                0x20000040                _edata = __data_end__

.igot.plt       0x20000040        0x0 load address 0x080055e4
 .igot.plt      0x20000040        0x0 ..\obj\spi.o

.bss            0x20000040      0x464 load address 0x080055e4
                0x20000040                . = ALIGN (0x4)
                0x20000040                __bss_start__ = .
                0x20000040                _sbss = __bss_start__
 *(.bss*)
 .bss           0x20000040        0x4 ..\obj\delay.o
                0x20000040                delay
 .bss           0x20000044       0x1a ..\obj\main.o
                0x20000044                flag_menu
                0x20000048                counter
                0x2000004c                nCount
                0x20000050                menuPressed
                0x20000054                result
                0x20000058                res
                0x2000005a                enemy_start_time
                0x2000005c                adcadc
 .bss           0x2000005e        0x2 ..\obj\menu.o
                0x2000005e                BTNPressed
                0x2000005f                cursorY
 .bss           0x20000060       0x1b ..\obj\game.o
                0x20000060                dirPressed
                0x20000061                BUTUP
                0x20000062                BUTDWN
                0x20000063                BUTLFT
                0x20000064                BUTRHT
                0x20000065                carPosX
                0x20000066                carPosY
                0x20000067                carPosYCnt
                0x20000068                carYTmp
                0x20000069                enemy0PosY
                0x2000006a                enemy1PosY
                0x2000006b                enemy2PosY
                0x2000006c                score
                0x20000070                compare
                0x20000074                metreCnt
                0x20000078                element
 *fill*         0x2000007b        0x1 
 .bss           0x2000007c      0x428 ..\obj\ssd1306.o
 *(COMMON)
                0x200004a4                . = ALIGN (0x4)
                0x200004a4                __bss_end__ = .
                0x200004a4                _ebss = __bss_end__

.heap           0x200004a4        0x0
                0x200004a4                __end__ = .
                0x200004a4                _end = __end__
                0x200004a4                end = __end__
 *(.heap*)
                0x200004a4                __HeapLimit = .

.co_stack       0x200004a4      0x804 load address 0x08005a48
                0x200004a8                . = ALIGN (0x8)
 *fill*         0x200004a4        0x4 
 *(.co_stack .co_stack.*)
 .co_stack      0x200004a8      0x800 ..\obj\startup_stm32f4xx.o
                0x200004a8                pulStack
                0x20020000                __StackTop = (ORIGIN (ram) + LENGTH (ram))
                0x2001f7fc                __StackLimit = (__StackTop - SIZEOF (.co_stack))
                [!provide]                PROVIDE (__stack, __StackTop)
                0x00000001                ASSERT ((__StackLimit >= __HeapLimit), region ram  overflowed with stack)
LOAD ..\obj\spi.o
LOAD ..\obj\delay.o
LOAD ..\obj\i2c.o
LOAD ..\obj\startup_stm32f4xx.o
LOAD ..\obj\ssd1306_tests.o
LOAD ..\obj\main.o
LOAD ..\obj\stm32f4xx_rcc.o
LOAD ..\obj\stm32f4xx_adc.o
LOAD ..\obj\menu.o
LOAD ..\obj\stm32f4xx_gpio.o
LOAD ..\obj\system_stm32f4xx.o
LOAD ..\obj\ssd1306_fonts.o
LOAD ..\obj\game.o
LOAD ..\obj\stm32f4xx_spi.o
LOAD ..\obj\stm32f4xx_i2c.o
LOAD ..\obj\stm32f4xx_rng.o
LOAD ..\obj\misc.o
LOAD ..\obj\ssd1306.o
LOAD ..\obj\stm32f4xx_tim.o
LOAD c:/program files (x86)/gnu tools arm embedded/5.3 2016q1/bin/../lib/gcc/arm-none-eabi/5.3.1/../../../../arm-none-eabi/lib/armv7e-m\libm.a
LOAD c:/program files (x86)/gnu tools arm embedded/5.3 2016q1/bin/../lib/gcc/arm-none-eabi/5.3.1/../../../../arm-none-eabi/lib/armv7e-m\libc.a
START GROUP
LOAD c:/program files (x86)/gnu tools arm embedded/5.3 2016q1/bin/../lib/gcc/arm-none-eabi/5.3.1/armv7e-m\libgcc.a
LOAD c:/program files (x86)/gnu tools arm embedded/5.3 2016q1/bin/../lib/gcc/arm-none-eabi/5.3.1/../../../../arm-none-eabi/lib/armv7e-m\libg.a
LOAD c:/program files (x86)/gnu tools arm embedded/5.3 2016q1/bin/../lib/gcc/arm-none-eabi/5.3.1/../../../../arm-none-eabi/lib/armv7e-m\libc.a
END GROUP
OUTPUT(Project.elf elf32-littlearm)

.debug_info     0x00000000     0x6b90
 .debug_info    0x00000000      0x499 ..\obj\spi.o
 .debug_info    0x00000499      0x194 ..\obj\delay.o
 .debug_info    0x0000062d       0xf2 ..\obj\startup_stm32f4xx.o
 .debug_info    0x0000071f      0xc5f ..\obj\main.o
 .debug_info    0x0000137e      0xc63 ..\obj\stm32f4xx_rcc.o
 .debug_info    0x00001fe1      0x331 ..\obj\menu.o
 .debug_info    0x00002312      0x61a ..\obj\stm32f4xx_gpio.o
 .debug_info    0x0000292c      0x1c0 ..\obj\ssd1306_fonts.o
 .debug_info    0x00002aec      0x6d2 ..\obj\game.o
 .debug_info    0x000031be      0xb0f ..\obj\stm32f4xx_spi.o
 .debug_info    0x00003ccd      0x556 ..\obj\misc.o
 .debug_info    0x00004223      0xd04 ..\obj\ssd1306.o
 .debug_info    0x00004f27     0x1c69 ..\obj\stm32f4xx_tim.o

.debug_abbrev   0x00000000     0x12e3
 .debug_abbrev  0x00000000      0x114 ..\obj\spi.o
 .debug_abbrev  0x00000114       0xe0 ..\obj\delay.o
 .debug_abbrev  0x000001f4       0xb0 ..\obj\startup_stm32f4xx.o
 .debug_abbrev  0x000002a4      0x1d8 ..\obj\main.o
 .debug_abbrev  0x0000047c      0x1e5 ..\obj\stm32f4xx_rcc.o
 .debug_abbrev  0x00000661      0x1b6 ..\obj\menu.o
 .debug_abbrev  0x00000817      0x1a7 ..\obj\stm32f4xx_gpio.o
 .debug_abbrev  0x000009be       0x9e ..\obj\ssd1306_fonts.o
 .debug_abbrev  0x00000a5c      0x1af ..\obj\game.o
 .debug_abbrev  0x00000c0b      0x169 ..\obj\stm32f4xx_spi.o
 .debug_abbrev  0x00000d74      0x147 ..\obj\misc.o
 .debug_abbrev  0x00000ebb      0x29f ..\obj\ssd1306.o
 .debug_abbrev  0x0000115a      0x189 ..\obj\stm32f4xx_tim.o

.debug_aranges  0x00000000      0x8c8
 .debug_aranges
                0x00000000       0x20 ..\obj\spi.o
 .debug_aranges
                0x00000020       0x30 ..\obj\delay.o
 .debug_aranges
                0x00000050       0x28 ..\obj\startup_stm32f4xx.o
 .debug_aranges
                0x00000078       0x60 ..\obj\main.o
 .debug_aranges
                0x000000d8      0x178 ..\obj\stm32f4xx_rcc.o
 .debug_aranges
                0x00000250       0x58 ..\obj\menu.o
 .debug_aranges
                0x000002a8       0x88 ..\obj\stm32f4xx_gpio.o
 .debug_aranges
                0x00000330       0x18 ..\obj\ssd1306_fonts.o
 .debug_aranges
                0x00000348       0x78 ..\obj\game.o
 .debug_aranges
                0x000003c0       0xe0 ..\obj\stm32f4xx_spi.o
 .debug_aranges
                0x000004a0       0x40 ..\obj\misc.o
 .debug_aranges
                0x000004e0       0xf0 ..\obj\ssd1306.o
 .debug_aranges
                0x000005d0      0x2f8 ..\obj\stm32f4xx_tim.o

.debug_ranges   0x00000000      0x7f0
 .debug_ranges  0x00000000       0x10 ..\obj\spi.o
 .debug_ranges  0x00000010       0x20 ..\obj\delay.o
 .debug_ranges  0x00000030       0x18 ..\obj\startup_stm32f4xx.o
 .debug_ranges  0x00000048       0x50 ..\obj\main.o
 .debug_ranges  0x00000098      0x168 ..\obj\stm32f4xx_rcc.o
 .debug_ranges  0x00000200       0x48 ..\obj\menu.o
 .debug_ranges  0x00000248       0x78 ..\obj\stm32f4xx_gpio.o
 .debug_ranges  0x000002c0       0x68 ..\obj\game.o
 .debug_ranges  0x00000328       0xd0 ..\obj\stm32f4xx_spi.o
 .debug_ranges  0x000003f8       0x30 ..\obj\misc.o
 .debug_ranges  0x00000428       0xe0 ..\obj\ssd1306.o
 .debug_ranges  0x00000508      0x2e8 ..\obj\stm32f4xx_tim.o

.debug_line     0x00000000     0x3586
 .debug_line    0x00000000      0x2c9 ..\obj\spi.o
 .debug_line    0x000002c9      0x226 ..\obj\delay.o
 .debug_line    0x000004ef       0xb2 ..\obj\startup_stm32f4xx.o
 .debug_line    0x000005a1      0x395 ..\obj\main.o
 .debug_line    0x00000936      0x609 ..\obj\stm32f4xx_rcc.o
 .debug_line    0x00000f3f      0x354 ..\obj\menu.o
 .debug_line    0x00001293      0x3c4 ..\obj\stm32f4xx_gpio.o
 .debug_line    0x00001657      0x190 ..\obj\ssd1306_fonts.o
 .debug_line    0x000017e7      0x489 ..\obj\game.o
 .debug_line    0x00001c70      0x4bd ..\obj\stm32f4xx_spi.o
 .debug_line    0x0000212d      0x2a2 ..\obj\misc.o
 .debug_line    0x000023cf      0x692 ..\obj\ssd1306.o
 .debug_line    0x00002a61      0xb25 ..\obj\stm32f4xx_tim.o

.debug_str      0x00000000     0x2be6
 .debug_str     0x00000000      0x484 ..\obj\spi.o
                                0x4ee (size before relaxing)
 .debug_str     0x00000484       0xd8 ..\obj\delay.o
                                0x219 (size before relaxing)
 .debug_str     0x0000055c       0xc1 ..\obj\startup_stm32f4xx.o
                                0x158 (size before relaxing)
 .debug_str     0x0000061d      0x863 ..\obj\main.o
                                0xc61 (size before relaxing)
 .debug_str     0x00000e80      0x552 ..\obj\stm32f4xx_rcc.o
                                0x861 (size before relaxing)
 .debug_str     0x000013d2       0xad ..\obj\menu.o
                                0x2dd (size before relaxing)
 .debug_str     0x0000147f      0x1a4 ..\obj\stm32f4xx_gpio.o
                                0x4b4 (size before relaxing)
 .debug_str     0x00001623       0x8c ..\obj\ssd1306_fonts.o
                                0x1f0 (size before relaxing)
 .debug_str     0x000016af      0x207 ..\obj\game.o
                                0x47d (size before relaxing)
 .debug_str     0x000018b6      0x30c ..\obj\stm32f4xx_spi.o
                                0x69b (size before relaxing)
 .debug_str     0x00001bc2      0x1c6 ..\obj\misc.o
                                0x3df (size before relaxing)
 .debug_str     0x00001d88      0x3c7 ..\obj\ssd1306.o
                                0x6dd (size before relaxing)
 .debug_str     0x0000214f      0xa97 ..\obj\stm32f4xx_tim.o
                                0xde1 (size before relaxing)

.comment        0x00000000       0x6e
 .comment       0x00000000       0x6e ..\obj\spi.o
                                 0x6f (size before relaxing)
 .comment       0x0000006e       0x6f ..\obj\delay.o
 .comment       0x0000006e       0x6f ..\obj\startup_stm32f4xx.o
 .comment       0x0000006e       0x6f ..\obj\main.o
 .comment       0x0000006e       0x6f ..\obj\stm32f4xx_rcc.o
 .comment       0x0000006e       0x6f ..\obj\menu.o
 .comment       0x0000006e       0x6f ..\obj\stm32f4xx_gpio.o
 .comment       0x0000006e       0x6f ..\obj\ssd1306_fonts.o
 .comment       0x0000006e       0x6f ..\obj\game.o
 .comment       0x0000006e       0x6f ..\obj\stm32f4xx_spi.o
 .comment       0x0000006e       0x6f ..\obj\misc.o
 .comment       0x0000006e       0x6f ..\obj\ssd1306.o
 .comment       0x0000006e       0x6f ..\obj\stm32f4xx_tim.o

.ARM.attributes
                0x00000000       0x31
 .ARM.attributes
                0x00000000       0x33 ..\obj\spi.o
 .ARM.attributes
                0x00000033       0x33 ..\obj\delay.o
 .ARM.attributes
                0x00000066       0x33 ..\obj\startup_stm32f4xx.o
 .ARM.attributes
                0x00000099       0x33 ..\obj\main.o
 .ARM.attributes
                0x000000cc       0x33 ..\obj\stm32f4xx_rcc.o
 .ARM.attributes
                0x000000ff       0x33 ..\obj\menu.o
 .ARM.attributes
                0x00000132       0x33 ..\obj\stm32f4xx_gpio.o
 .ARM.attributes
                0x00000165       0x33 ..\obj\ssd1306_fonts.o
 .ARM.attributes
                0x00000198       0x33 ..\obj\game.o
 .ARM.attributes
                0x000001cb       0x33 ..\obj\stm32f4xx_spi.o
 .ARM.attributes
                0x000001fe       0x33 ..\obj\misc.o
 .ARM.attributes
                0x00000231       0x33 ..\obj\ssd1306.o
 .ARM.attributes
                0x00000264       0x33 ..\obj\stm32f4xx_tim.o
 .ARM.attributes
                0x00000297       0x2e c:/program files (x86)/gnu tools arm embedded/5.3 2016q1/bin/../lib/gcc/arm-none-eabi/5.3.1/../../../../arm-none-eabi/lib/armv7e-m\libc.a(lib_a-itoa.o)
 .ARM.attributes
                0x000002c5       0x2e c:/program files (x86)/gnu tools arm embedded/5.3 2016q1/bin/../lib/gcc/arm-none-eabi/5.3.1/../../../../arm-none-eabi/lib/armv7e-m\libc.a(lib_a-utoa.o)

.debug_frame    0x00000000     0x255c
 .debug_frame   0x00000000       0x34 ..\obj\spi.o
 .debug_frame   0x00000034       0x78 ..\obj\delay.o
 .debug_frame   0x000000ac       0x4c ..\obj\startup_stm32f4xx.o
 .debug_frame   0x000000f8      0x130 ..\obj\main.o
 .debug_frame   0x00000228      0x6d4 ..\obj\stm32f4xx_rcc.o
 .debug_frame   0x000008fc      0x104 ..\obj\menu.o
 .debug_frame   0x00000a00      0x23c ..\obj\stm32f4xx_gpio.o
 .debug_frame   0x00000c3c      0x17c ..\obj\game.o
 .debug_frame   0x00000db8      0x3f4 ..\obj\stm32f4xx_spi.o
 .debug_frame   0x000011ac       0xd8 ..\obj\misc.o
 .debug_frame   0x00001284      0x3fc ..\obj\ssd1306.o
 .debug_frame   0x00001680      0xe54 ..\obj\stm32f4xx_tim.o
 .debug_frame   0x000024d4       0x3c c:/program files (x86)/gnu tools arm embedded/5.3 2016q1/bin/../lib/gcc/arm-none-eabi/5.3.1/../../../../arm-none-eabi/lib/armv7e-m\libc.a(lib_a-itoa.o)
 .debug_frame   0x00002510       0x4c c:/program files (x86)/gnu tools arm embedded/5.3 2016q1/bin/../lib/gcc/arm-none-eabi/5.3.1/../../../../arm-none-eabi/lib/armv7e-m\libc.a(lib_a-utoa.o)
